%!Adobe-FontList 1.16
%Locale:0x419

%BeginFont
Handler:DirectoryHandler
FontType:Invalid
OutlineFileName:C:\Users\Master\myWork\Font\Montserrat-Bold.eot
FileModTime:1412057626
%EndFont

%BeginFont
Handler:DirectoryHandler
FontType:Invalid
OutlineFileName:C:\Users\Master\myWork\Font\Montserrat-Bold.svg
FileModTime:1412057626
%EndFont

%BeginFont
Handler:DirectoryHandler
FontType:TrueType
FontName:Montserrat-Bold
FamilyName:Montserrat
StyleName:Bold
FullName:Montserrat-Bold
MenuName:Montserrat
StyleBits:2
WritingScript:Roman
OutlineFileName:C:\Users\Master\myWork\Font\Montserrat-Bold.ttf
DataFormat:sfntData
FileLength:29536
FileModTime:1412057626
WeightClass:700
WidthClass:5
AngleClass:0
NameArray:0,Mac,4,Montserrat-Bold
NameArray:0,Win,1,Montserrat
%EndFont

%BeginFont
Handler:DirectoryHandler
FontType:Type1
FontName:Montserrat-Bold
FamilyName:Montserrat
StyleName:Bold
FullName:Montserrat-Bold
MenuName:Montserrat-Bold
StyleBits:2
WritingScript:Roman
OutlineFileName:C:\Users\Master\myWork\Font\Montserrat-Bold.woff
DataFormat:Plain
UsesStandardEncoding:no
isCFF:no
FileLength:36626
FileModTime:1412057626
WeightClass:700
WidthClass:5
AngleClass:0
DesignSize:-1
%EndFont

%BeginFont
Handler:DirectoryHandler
FontType:Invalid
OutlineFileName:C:\Users\Master\myWork\Font\Montserrat-Regular.eot
FileModTime:1412057626
%EndFont

%BeginFont
Handler:DirectoryHandler
FontType:Invalid
OutlineFileName:C:\Users\Master\myWork\Font\Montserrat-Regular.svg
FileModTime:1412057626
%EndFont

%BeginFont
Handler:DirectoryHandler
FontType:TrueType
FontName:Montserrat-Regular
FamilyName:Montserrat
StyleName:Regular
FullName:Montserrat-Regular
MenuName:Montserrat
StyleBits:0
WritingScript:Roman
OutlineFileName:C:\Users\Master\myWork\Font\Montserrat-Regular.ttf
DataFormat:sfntData
FileLength:28992
FileModTime:1412057626
WeightClass:400
WidthClass:5
AngleClass:0
NameArray:0,Mac,4,Montserrat-Regular
NameArray:0,Win,1,Montserrat
%EndFont

%BeginFont
Handler:DirectoryHandler
FontType:Type1
FontName:Montserrat-Regular
FamilyName:Montserrat
StyleName:Regular
FullName:Montserrat-Regular
MenuName:Montserrat-Regular
StyleBits:0
WritingScript:Roman
OutlineFileName:C:\Users\Master\myWork\Font\Montserrat-Regular.woff
DataFormat:Plain
UsesStandardEncoding:no
isCFF:no
FileLength:32283
FileModTime:1412057626
WeightClass:400
WidthClass:5
AngleClass:0
DesignSize:-1
%EndFont

%BeginFont
Handler:DirectoryHandler
FontType:TrueType
FontName:Roboto-Light
FamilyName:Roboto
StyleName:Light
FullName:Roboto Light
MenuName:Roboto Light
StyleBits:0
WritingScript:Roman
OutlineFileName:C:\Users\Master\myWork\Font\Roboto-Light.ttf
DataFormat:sfntData
FileLength:162420
FileModTime:1437646808
WeightClass:300
WidthClass:5
AngleClass:0
NameArray:0,Win,1,Roboto Light
NameArray:0,Win,16,Roboto
%EndFont

%BeginFont
Handler:DirectoryHandler
FontType:Invalid
OutlineFileName:C:\Users\Master\myWork\Font\Roboto-Light.woff
FileModTime:1437646808
%EndFont

%BeginFont
Handler:DirectoryHandler
FontType:Invalid
OutlineFileName:C:\Users\Master\myWork\Font\Roboto-Light.woff2
FileModTime:1437646808
%EndFont

